+ cd /home/jnhu/Source/sluice-f3-hash-06f82622-debug-y
++ git rev-parse HEAD
+ test 06f82622c6429cc87c3e0aa2917ae40672342851 = 06f82622c6429cc87c3e0aa2917ae40672342851
++ git status --porcelain
+ test -z ''
+ xmake f -m debug --liburing=y -y
[0mchecking for platform ... [38;5;2;1mlinux[0m
[0mchecking for architecture ... [38;5;2;1mx86_64[0m
+ for target in sluice-hash app_hash_consumption_test blocking_file_read_test direct_cursor_position_test direct_w01_consumer_probe
+ xmake build -j4 sluice-hash
[0m[38;5;2;1m[  4%]:[0m cache compiling.debug apps/sluice-hash/main.cpp[0m
[0m[38;5;2;1m[  4%]:[0m cache compiling.debug apps/sluice-hash/hash_task.cpp[0m
[0m[38;5;2;1m[  4%]:[0m cache compiling.debug apps/sluice-hash/cli_parse.cpp[0m
[0m[38;5;2;1m[  4%]:[0m cache compiling.debug apps/sluice-hash/sha256.cpp[0m
[0m[38;5;2;1m[  6%]:[0m cache compiling.debug src/blocking_file.cpp[0m
[0m[38;5;2;1m[  7%]:[0m cache compiling.debug src/blocking_io_pool.cpp[0m
[0m[38;5;2;1m[  9%]:[0m cache compiling.debug src/buffer.cpp[0m
[0m[38;5;2;1m[ 10%]:[0m cache compiling.debug src/copy.cpp[0m
[0m[38;5;2;1m[ 12%]:[0m cache compiling.debug src/copy_strategy.cpp[0m
[0m[38;5;2;1m[ 13%]:[0m cache compiling.debug src/fault.cpp[0m
[0m[38;5;2;1m[ 15%]:[0m cache compiling.debug src/file.cpp[0m
[0m[38;5;2;1m[ 16%]:[0m cache compiling.debug src/file_resource.cpp[0m
[0m[38;5;2;1m[ 18%]:[0m cache compiling.debug src/io_context.cpp[0m
[0m[38;5;2;1m[ 19%]:[0m cache compiling.debug src/observed.cpp[0m
[0m[38;5;2;1m[ 21%]:[0m cache compiling.debug src/reader.cpp[0m
[0m[38;5;2;1m[ 22%]:[0m cache compiling.debug src/wal.cpp[0m
[0m[38;5;2;1m[ 24%]:[0m cache compiling.debug src/writer.cpp[0m
[0m[38;5;2;1m[ 25%]:[0m cache compiling.debug src/async/application_runtime.cpp[0m
[0m[38;5;2;1m[ 27%]:[0m cache compiling.debug src/async/async_io_context.cpp[0m
[0m[38;5;2;1m[ 28%]:[0m cache compiling.debug src/async/await_op_helpers.cpp[0m
[0m[38;5;2;1m[ 30%]:[0m cache compiling.debug src/async/batch.cpp[0m
[0m[38;5;2;1m[ 31%]:[0m cache compiling.debug src/async/cancel.cpp[0m
[0m[38;5;2;1m[ 33%]:[0m cache compiling.debug src/async/fail_fast.cpp[0m
[0m[38;5;2;1m[ 34%]:[0m cache compiling.debug src/async/fiber.cpp[0m
[0m[38;5;2;1m[ 36%]:[0m cache compiling.debug src/async/fiber_ctx.cpp[0m
[0m[38;5;2;1m[ 37%]:[0m cache compiling.debug src/async/file.cpp[0m
[0m[38;5;2;1m[ 39%]:[0m cache compiling.debug src/async/group.cpp[0m
[0m[38;5;2;1m[ 40%]:[0m cache compiling.debug src/async/mutex_test_seam.cpp[0m
[0m[38;5;2;1m[ 42%]:[0m cache compiling.debug src/async/op_helpers.cpp[0m
[0m[38;5;2;1m[ 43%]:[0m cache compiling.debug src/async/queue_port.cpp[0m
[0m[38;5;2;1m[ 45%]:[0m cache compiling.debug src/async/queue_test_seam.cpp[0m
[0m[38;5;2;1m[ 46%]:[0m cache compiling.debug src/async/request_handle.cpp[0m
[0m[38;5;2;1m[ 48%]:[0m cache compiling.debug src/async/request_scope.cpp[0m
[0m[38;5;2;1m[ 49%]:[0m cache compiling.debug src/async/scheduler.cpp[0m
[0m[38;5;2;1m[ 51%]:[0m cache compiling.debug src/async/scheduler_condition.cpp[0m
[0m[38;5;2;1m[ 52%]:[0m cache compiling.debug src/async/scheduler_event.cpp[0m
[0m[38;5;2;1m[ 54%]:[0m cache compiling.debug src/async/scheduler_fe2_test_seam.cpp[0m
[0m[38;5;2;1m[ 55%]:[0m cache compiling.debug src/async/scheduler_mutex.cpp[0m
[0m[38;5;2;1m[ 57%]:[0m cache compiling.debug src/async/scheduler_park_wake.cpp[0m
[0m[38;5;2;1m[ 58%]:[0m cache compiling.debug src/async/scheduler_queue.cpp[0m
[0m[38;5;2;1m[ 60%]:[0m cache compiling.debug src/async/scheduler_rwlock.cpp[0m
[0m[38;5;2;1m[ 61%]:[0m cache compiling.debug src/async/scheduler_semaphore.cpp[0m
[0m[38;5;2;1m[ 63%]:[0m cache compiling.debug src/async/scheduler_timer.cpp[0m
[0m[38;5;2;1m[ 64%]:[0m cache compiling.debug src/async/select.cpp[0m
[0m[38;5;2;1m[ 66%]:[0m cache compiling.debug src/async/select_event.cpp[0m
[0m[38;5;2;1m[ 67%]:[0m cache compiling.debug src/async/select_timer.cpp[0m
[0m[38;5;2;1m[ 69%]:[0m cache compiling.debug src/async/stackful_io_host.cpp[0m
[0m[38;5;2;1m[ 70%]:[0m cache compiling.debug src/async/threadpool_backend.cpp[0m
[0m[38;5;2;1m[ 72%]:[0m cache compiling.debug src/async/uring_backend.cpp[0m
[0m[38;5;2;1m[ 73%]:[0m cache compiling.debug src/async/uring_completion.cpp[0m
[0m[38;5;2;1m[ 75%]:[0m cache compiling.debug src/async/uring_transport.cpp[0m
[0m[38;5;2;1m[ 76%]:[0m cache compiling.debug src/async/wait_policy.cpp[0m
[0m[38;5;2;1m[ 78%]:[0m cache compiling.debug src/async/detail/context_identity.cpp[0m
[0m[38;5;2;1m[ 79%]:[0m cache compiling.debug src/async/detail/request_core.cpp[0m
[0m[38;5;2;1m[ 81%]:[0m [38;5;5;1marchiving.debug libsluice_core.a[0m
[0m[38;5;2;1m[ 88%]:[0m [38;5;5;1marchiving.debug libsluice_async.a[0m
[0m[38;5;2;1m[ 91%]:[0m [38;5;5;1mlinking.debug sluice-hash[0m
[0m[38;5;2;1mcreate ok![0m
compile_commands.json updated!
[0m[38;5;2;1m[100%]:[0m [38;5;2;1mbuild ok, spent 31.372s[0m
+ for target in sluice-hash app_hash_consumption_test blocking_file_read_test direct_cursor_position_test direct_w01_consumer_probe
+ xmake build -j4 app_hash_consumption_test
[0m[38;5;2;1m[  4%]:[0m cache compiling.debug tests/app_hash_consumption_test.cpp[0m
[0m[38;5;2;1m[  4%]:[0m cache compiling.debug apps/sluice-hash/hash_task.cpp[0m
[0m[38;5;2;1m[  4%]:[0m cache compiling.debug apps/sluice-hash/sha256.cpp[0m
[0m[38;5;2;1m[ 91%]:[0m [38;5;5;1mlinking.debug app_hash_consumption_test[0m
[0m[38;5;2;1m[100%]:[0m [38;5;2;1mbuild ok, spent 1.076s[0m
+ for target in sluice-hash app_hash_consumption_test blocking_file_read_test direct_cursor_position_test direct_w01_consumer_probe
+ xmake build -j4 blocking_file_read_test
[0m[38;5;2;1m[  9%]:[0m cache compiling.debug tests/blocking_file_read_test.cpp[0m
[0m[38;5;2;1m[ 85%]:[0m [38;5;5;1mlinking.debug blocking_file_read_test[0m
[0m[38;5;2;1m[100%]:[0m [38;5;2;1mbuild ok, spent 0.753s[0m
+ for target in sluice-hash app_hash_consumption_test blocking_file_read_test direct_cursor_position_test direct_w01_consumer_probe
+ xmake build -j4 direct_cursor_position_test
[0m[38;5;2;1m[  9%]:[0m cache compiling.debug tests/direct_cursor_position_test.cpp[0m
[0m[38;5;2;1m[ 85%]:[0m [38;5;5;1mlinking.debug direct_cursor_position_test[0m
[0m[38;5;2;1m[100%]:[0m [38;5;2;1mbuild ok, spent 0.779s[0m
+ for target in sluice-hash app_hash_consumption_test blocking_file_read_test direct_cursor_position_test direct_w01_consumer_probe
+ xmake build -j4 direct_w01_consumer_probe
[0m[38;5;2;1m[  9%]:[0m cache compiling.debug tests/direct_w01_consumer_probe.cpp[0m
[0m[38;5;2;1m[ 85%]:[0m [38;5;5;1mlinking.debug direct_w01_consumer_probe[0m
[0m[38;5;2;1m[100%]:[0m [38;5;2;1mbuild ok, spent 0.797s[0m
+ for target in app_hash_consumption_test blocking_file_read_test direct_cursor_position_test direct_w01_consumer_probe
+ xmake run app_hash_consumption_test
all 5 app hash consumption tests passed
+ for target in app_hash_consumption_test blocking_file_read_test direct_cursor_position_test direct_w01_consumer_probe
+ xmake run blocking_file_read_test
all 6 blocking file read tests passed
+ for target in app_hash_consumption_test blocking_file_read_test direct_cursor_position_test direct_w01_consumer_probe
+ xmake run direct_cursor_position_test
all 5 direct cursor-position tests passed
+ for target in app_hash_consumption_test blocking_file_read_test direct_cursor_position_test direct_w01_consumer_probe
+ xmake run direct_w01_consumer_probe
all 3 direct W-01 consumer-probe tests passed
+ python3 tests/hash_cli_oracle.py build/linux/x86_64/debug/sluice-hash --early-bounds
{
  "HASH_CLI_ORACLE": "PASS",
  "records": [
    {
      "command": [
        "/home/jnhu/Source/sluice-f3-hash-06f82622-debug-y/build/linux/x86_64/debug/sluice-hash",
        "--buffer-size",
        "4096",
        "--workers",
        "1",
        "/tmp/sluice-hash-oracle-zgbtrbqi/empty",
        "/tmp/sluice-hash-oracle-zgbtrbqi/abc",
        "/tmp/sluice-hash-oracle-zgbtrbqi/chunks"
      ],
      "exit": 0,
      "stdout": "e3b0c44298fc1c149afbf4c8996fb92427ae41e4649b934ca495991b7852b855  /tmp/sluice-hash-oracle-zgbtrbqi/empty\nba7816bf8f01cfea414140de5dae2223b00361a396177a9cb410ff61f20015ad  /tmp/sluice-hash-oracle-zgbtrbqi/abc\n221f870608f2f9b4b1418900438e194a769baa6c8b9cfaa079065e1739a2e377  /tmp/sluice-hash-oracle-zgbtrbqi/chunks\n",
      "stderr": ""
    },
    {
      "command": [
        "/home/jnhu/Source/sluice-f3-hash-06f82622-debug-y/build/linux/x86_64/debug/sluice-hash",
        "--buffer-size",
        "4096",
        "--workers",
        "2",
        "/tmp/sluice-hash-oracle-zgbtrbqi/empty",
        "/tmp/sluice-hash-oracle-zgbtrbqi/abc",
        "/tmp/sluice-hash-oracle-zgbtrbqi/chunks"
      ],
      "exit": 0,
      "stdout": "e3b0c44298fc1c149afbf4c8996fb92427ae41e4649b934ca495991b7852b855  /tmp/sluice-hash-oracle-zgbtrbqi/empty\nba7816bf8f01cfea414140de5dae2223b00361a396177a9cb410ff61f20015ad  /tmp/sluice-hash-oracle-zgbtrbqi/abc\n221f870608f2f9b4b1418900438e194a769baa6c8b9cfaa079065e1739a2e377  /tmp/sluice-hash-oracle-zgbtrbqi/chunks\n",
      "stderr": ""
    },
    {
      "command": [
        "/home/jnhu/Source/sluice-f3-hash-06f82622-debug-y/build/linux/x86_64/debug/sluice-hash",
        "--buffer-size",
        "4096",
        "--workers",
        "64",
        "/tmp/sluice-hash-oracle-zgbtrbqi/empty",
        "/tmp/sluice-hash-oracle-zgbtrbqi/abc",
        "/tmp/sluice-hash-oracle-zgbtrbqi/chunks"
      ],
      "exit": 0,
      "stdout": "e3b0c44298fc1c149afbf4c8996fb92427ae41e4649b934ca495991b7852b855  /tmp/sluice-hash-oracle-zgbtrbqi/empty\nba7816bf8f01cfea414140de5dae2223b00361a396177a9cb410ff61f20015ad  /tmp/sluice-hash-oracle-zgbtrbqi/abc\n221f870608f2f9b4b1418900438e194a769baa6c8b9cfaa079065e1739a2e377  /tmp/sluice-hash-oracle-zgbtrbqi/chunks\n",
      "stderr": ""
    },
    {
      "case": "error-isolation-input-order",
      "exit": 2,
      "stdout": "ba7816bf8f01cfea414140de5dae2223b00361a396177a9cb410ff61f20015ad  /tmp/sluice-hash-oracle-zgbtrbqi/abc\n221f870608f2f9b4b1418900438e194a769baa6c8b9cfaa079065e1739a2e377  /tmp/sluice-hash-oracle-zgbtrbqi/chunks\n",
      "stderr": "/home/jnhu/Source/sluice-f3-hash-06f82622-debug-y/build/linux/x86_64/debug/sluice-hash: /tmp/sluice-hash-oracle-zgbtrbqi/missing: No such file or directory\n"
    },
    {
      "case": [
        "--workers",
        "0"
      ],
      "exit": 1,
      "stdout": "",
      "stderr": "usage: /home/jnhu/Source/sluice-f3-hash-06f82622-debug-y/build/linux/x86_64/debug/sluice-hash [options] <file>...\n  --buffer-size <bytes>   read buffer (default 1 MiB; 4096..67108864)\n  --workers <count>       1: direct; 2..64: runtime (default 1)\n  --help                  show this help\n"
    },
    {
      "case": [
        "--workers",
        "65"
      ],
      "exit": 1,
      "stdout": "",
      "stderr": "usage: /home/jnhu/Source/sluice-f3-hash-06f82622-debug-y/build/linux/x86_64/debug/sluice-hash [options] <file>...\n  --buffer-size <bytes>   read buffer (default 1 MiB; 4096..67108864)\n  --workers <count>       1: direct; 2..64: runtime (default 1)\n  --help                  show this help\n"
    },
    {
      "case": [
        "--workers",
        "-1"
      ],
      "exit": 1,
      "stdout": "",
      "stderr": "usage: /home/jnhu/Source/sluice-f3-hash-06f82622-debug-y/build/linux/x86_64/debug/sluice-hash [options] <file>...\n  --buffer-size <bytes>   read buffer (default 1 MiB; 4096..67108864)\n  --workers <count>       1: direct; 2..64: runtime (default 1)\n  --help                  show this help\n"
    },
    {
      "case": [
        "--buffer-size",
        "0"
      ],
      "exit": 1,
      "stdout": "",
      "stderr": "usage: /home/jnhu/Source/sluice-f3-hash-06f82622-debug-y/build/linux/x86_64/debug/sluice-hash [options] <file>...\n  --buffer-size <bytes>   read buffer (default 1 MiB; 4096..67108864)\n  --workers <count>       1: direct; 2..64: runtime (default 1)\n  --help                  show this help\n"
    },
    {
      "case": [
        "--buffer-size",
        "184467440737095516160"
      ],
      "exit": 1,
      "stdout": "",
      "stderr": "usage: /home/jnhu/Source/sluice-f3-hash-06f82622-debug-y/build/linux/x86_64/debug/sluice-hash [options] <file>...\n  --buffer-size <bytes>   read buffer (default 1 MiB; 4096..67108864)\n  --workers <count>       1: direct; 2..64: runtime (default 1)\n  --help                  show this help\n"
    },
    {
      "case": "invalid-bound-before-open",
      "command": [
        "/home/jnhu/Source/sluice-f3-hash-06f82622-debug-y/build/linux/x86_64/debug/sluice-hash",
        "--buffer-size",
        "1",
        "/tmp/sluice-hash-oracle-zgbtrbqi/must-not-open"
      ],
      "exit": 1,
      "stderr": "usage: /home/jnhu/Source/sluice-f3-hash-06f82622-debug-y/build/linux/x86_64/debug/sluice-hash [options] <file>...\n  --buffer-size <bytes>   read buffer (default 1 MiB; 4096..67108864)\n  --workers <count>       1: direct; 2..64: runtime (default 1)\n  --help                  show this help\n"
    },
    {
      "case": "invalid-bound-before-open",
      "command": [
        "/home/jnhu/Source/sluice-f3-hash-06f82622-debug-y/build/linux/x86_64/debug/sluice-hash",
        "--buffer-size",
        "4095",
        "/tmp/sluice-hash-oracle-zgbtrbqi/must-not-open"
      ],
      "exit": 1,
      "stderr": "usage: /home/jnhu/Source/sluice-f3-hash-06f82622-debug-y/build/linux/x86_64/debug/sluice-hash [options] <file>...\n  --buffer-size <bytes>   read buffer (default 1 MiB; 4096..67108864)\n  --workers <count>       1: direct; 2..64: runtime (default 1)\n  --help                  show this help\n"
    },
    {
      "case": "invalid-bound-before-open",
      "command": [
        "/home/jnhu/Source/sluice-f3-hash-06f82622-debug-y/build/linux/x86_64/debug/sluice-hash",
        "--buffer-size",
        "67108865",
        "/tmp/sluice-hash-oracle-zgbtrbqi/must-not-open"
      ],
      "exit": 1,
      "stderr": "usage: /home/jnhu/Source/sluice-f3-hash-06f82622-debug-y/build/linux/x86_64/debug/sluice-hash [options] <file>...\n  --buffer-size <bytes>   read buffer (default 1 MiB; 4096..67108864)\n  --workers <count>       1: direct; 2..64: runtime (default 1)\n  --help                  show this help\n"
    }
  ]
}
+ strace -f -e trace=clone,clone3 -o /tmp/sluice-f3-hash-evidence-20261011/threads-debug-y-1.trace build/linux/x86_64/debug/sluice-hash --workers 1 AGENTS.md
ac0f5aedc47d75fe7e3e20de3edba368478ceaa9bd856bf6f0346ead23f8be73  AGENTS.md
+ strace -f -e trace=clone,clone3 -o /tmp/sluice-f3-hash-evidence-20261011/threads-debug-y-2.trace build/linux/x86_64/debug/sluice-hash --workers 2 AGENTS.md
ac0f5aedc47d75fe7e3e20de3edba368478ceaa9bd856bf6f0346ead23f8be73  AGENTS.md
+ grep -Eq 'clone(3)?\(' /tmp/sluice-f3-hash-evidence-20261011/threads-debug-y-1.trace
+ grep -Eq 'clone(3)?\(' /tmp/sluice-f3-hash-evidence-20261011/threads-debug-y-2.trace
+ rc=0
+ printf 'MATRIX_EXIT=%s\n' 0
MATRIX_EXIT=0
